// Jest Snapshot v1, https://goo.gl/fbAQLP

exports[`Home page matches snapshot 1`] = `
<DocumentFragment>
  <main
    class="flex h-full w-full flex-col"
  >
    <div
      class="m-auto max-w-4xl p-5"
    >
      <div>
        <h1
          class="text-4xl font-bold leading-tight sm:text-6xl"
        >
          Ivan Ivanov
        </h1>
        <div
          class="mt-1 flex items-center text-2xl sm:mt-3 sm:text-4xl"
        >
          <a
            class="mr-4"
            href="mailto:test@mail.com"
          >
            test@mail.com
          </a>
          <a
            class="text-current hover:opacity-70"
            href="https://github.com/archilkarchava"
            rel="noopener noreferrer"
            target="_blank"
            title="My Github"
          >
            <div
              class="h-6 w-6 sm:h-9 sm:w-9"
            />
          </a>
        </div>
      </div>
      <div
        class="mt-8"
      >
        <h2
          class="mb-2 text-2xl"
        >
          Some of my projects:
        </h2>
        <ol
          class="-m-2 flex flex-wrap"
        >
          <li
            class="m-2 w-full flex-grow rounded-lg border border-gray-300 p-4 dark:border-gray-700 md:w-5/12"
          >
            <div>
              <div
                class="flex flex-row"
              >
                <div
                  class="mr-2 flex flex-col items-start text-lg font-semibold"
                >
                  <span>
                    website: 
                  </span>
                  <span>
                    code: 
                  </span>
                </div>
                <div
                  class="flex flex-grow flex-col text-lg font-semibold"
                >
                  <a
                    href="https://astragal74.ru"
                    rel="noopener noreferrer"
                    target="_blank"
                  >
                    <span>
                      https://astragal74.ru
                    </span>
                  </a>
                  <a
                    href="https://github.com/archilkarchava/astragal-gatsby"
                    rel="noopener noreferrer"
                    target="_blank"
                  >
                    <span
                      title="astragal-gatsby"
                    >
                      astragal-gatsby
                    </span>
                  </a>
                </div>
              </div>
              <div>
                <div>
                  E-commerce website built using Gatsby (React, TypeScript) and serverless.
                </div>
              </div>
            </div>
          </li>
          <li
            class="m-2 w-full flex-grow rounded-lg border border-gray-300 p-4 dark:border-gray-700 md:w-5/12"
          >
            <div>
              <div
                class="flex flex-row"
              >
                <div
                  class="flex flex-grow flex-col text-lg font-semibold"
                >
                  <a
                    href="https://github.com/archilkarchava/astragal-sanity-studio"
                    rel="noopener noreferrer"
                    target="_blank"
                  >
                    <span
                      title="astragal-sanity-studio"
                    >
                      astragal-sanity-studio
                    </span>
                  </a>
                </div>
              </div>
              <div>
                <div>
                  Admin panel for 
                  <a
                    href="https://astragal74.ru"
                    rel="nofollow"
                  >
                    https://astragal74.ru
                  </a>
                  

                </div>
              </div>
            </div>
          </li>
          <li
            class="m-2 w-full flex-grow rounded-lg border border-gray-300 p-4 dark:border-gray-700 md:w-5/12"
          >
            <div>
              <div
                class="flex flex-row"
              >
                <div
                  class="flex flex-grow flex-col text-lg font-semibold"
                >
                  <a
                    href="https://github.com/archilkarchava/furnitur"
                    rel="noopener noreferrer"
                    target="_blank"
                  >
                    <span
                      title="furnitur"
                    >
                      furnitur
                    </span>
                  </a>
                </div>
              </div>
              <div>
                <div>
                  Furnitur is a cross-platform (IOS, Android) e-commerce application built using Flutter framework and Firebase backend.
                </div>
              </div>
            </div>
          </li>
          <li
            class="m-2 w-full flex-grow rounded-lg border border-gray-300 p-4 dark:border-gray-700 md:w-5/12"
          >
            <div>
              <div
                class="flex flex-row"
              >
                <div
                  class="flex flex-grow flex-col text-lg font-semibold"
                >
                  <a
                    href="https://github.com/archilkarchava/furnitur-firebase"
                    rel="noopener noreferrer"
                    target="_blank"
                  >
                    <span
                      title="furnitur-firebase"
                    >
                      furnitur-firebase
                    </span>
                  </a>
                </div>
              </div>
              <div>
                <div>
                  Firebase backend for Furnitur app.
                </div>
              </div>
            </div>
          </li>
        </ol>
      </div>
    </div>
  </main>
</DocumentFragment>
`;
