// Jest Snapshot v1, https://goo.gl/fbAQLP

exports[`Home page matches snapshot 1`] = `
<DocumentFragment>
  <main
    __source="[object Object]"
    class="flex flex-col items-center justify-center h-full"
  >
    <div
      __source="[object Object]"
      class="max-w-4xl p-10"
    >
      <div
        __source="[object Object]"
      >
        <h1
          __source="[object Object]"
          class="text-3xl font-bold leading-tight sm:text-5xl md:text-6xl"
        >
          Archil Karchava
        </h1>
        <h2
          __source="[object Object]"
          class="text-xl font-semibold sm:text-3xl md:text-4xl"
        >
          Software engineer
        </h2>
        <div
          __source="[object Object]"
          class="my-6 text-lg sm:text-xl md:text-2xl"
        >
          <h3
            __source="[object Object]"
            class="font-semibold"
          >
            Technologies I use:
          </h3>
          <span
            __source="[object Object]"
          >
            React • Vue • Svelte
          </span>
        </div>
      </div>
      <footer
        __source="[object Object]"
        class="flex items-center"
      >
        <a
          __source="[object Object]"
          class="mr-3 text-xl md:mr-4 md:text-2xl"
          href="mailto:test@test.dev"
        >
          test@test.dev
        </a>
         
        <a
          __source="[object Object]"
          href="https://github.com/archilkarchava"
          rel="noopener noreferrer"
          target="_blank"
          title="My Github"
        >
          <test-file-stub
            __source="[object Object]"
            class="w-5 h-5 md:w-7 md:h-7"
            fill="currentColor"
          />
        </a>
      </footer>
    </div>
  </main>
</DocumentFragment>
`;
